Renesas Optimizing Linker (W3.05.00 )             14-Jul-2024 23:52:47

*** Options ***

-subcommand=DefaultBuild\RX621_Cmausu.clnk
-library=DefaultBuild\RX621_Cmausu.lib
-input=DefaultBuild\dbsct.obj
-input=DefaultBuild\intprg.obj
-input=DefaultBuild\resetprg.obj
-input=DefaultBuild\sbrk.obj
-input=DefaultBuild\vecttbl.obj
-input=DefaultBuild\RX621_Cmausu.obj
-input=DefaultBuild\wait.obj
-input=DefaultBuild\rspi.obj
-input=DefaultBuild\Gyro.obj
-input=DefaultBuild\MPU9250.obj
-input=DefaultBuild\r_flash_api_rx.obj
-input=DefaultBuild\DataFlash.obj
-input=DefaultBuild\printf_lib.obj
-input=DefaultBuild\Encoder.obj
-input=DefaultBuild\Motor.obj
-input=DefaultBuild\Queue.obj
-input=DefaultBuild\IR.obj
-noprelink
-output=DefaultBuild\RX621_Cmausu.abs
-list=DefaultBuild\RX621_Cmausu.map
-nooptimize
-start=B_1,R_1,B_2,R_2,B,R,SU,SI/04,PResetPRG/0FFF80000,C_1,C_2,C,C$DSEC,C$BSEC,C$INIT,C$VTBL,C$VECT,D_1,D_2,D,P,PIntPRG,W_1,W_2,W,L/0FFF80100,FIXEDVECT/0FFFFFFD0
-rom=D=R,D_1=R_1,D_2=R_2
-nologo
-end

*** Error information ***

*** Mapping List ***

SECTION                            START      END         SIZE   ALIGN
B_1
                                  00000004  00000066        63   1
R_1
                                  00000067  000009e7       981   1
B_2
                                  000009e8  000009ed         6   2
R_2
                                  000009ee  0000160f       c22   2
B
                                  00001610  00001a7b       46c   4
R
                                  00001a7c  00001e13       398   4
SU
                                  00001e14  00001f13       100   4
SI
                                  00001f14  00002213       300   4
PResetPRG
                                  fff80000  fff80030        31   1
C_1
                                  fff80100  fff8028b       18c   1
C_2
                                  fff8028c  fff8068f       404   2
C
                                  fff80690  fff807e7       158   4
C$DSEC
                                  fff807e8  fff8080b        24   4
C$BSEC
                                  fff8080c  fff80823        18   4
C$INIT
                                  fff80824  fff80824         0   1
C$VTBL
                                  fff80824  fff80824         0   1
C$VECT
                                  fff80824  fff80c23       400   4
D_1
                                  fff80c24  fff815a4       981   1
D_2
                                  fff815a6  fff821c7       c22   2
D
                                  fff821c8  fff8255f       398   4
P
                                  fff82560  fff90435      ded6   1
PIntPRG
                                  fff90436  fff9057b       146   1
W_1
                                  fff9057c  fff9057c         0   1
W_2
                                  fff9057c  fff9062b        b0   2
W
                                  fff9062c  fff9062c         0   4
L
                                  fff9062c  fff90734       109   4
$ADDR_C_FFFFFFA0
                                  ffffffa0  ffffffaf        10   1
FIXEDVECT
                                  ffffffd0  ffffffff        30   4
