Renesas Optimizing Linker (W3.05.00 )             15-Feb-2026 17:02:25

*** Options ***

-subcommand=DefaultBuild\RX621_Cmausu.clnk
-library=DefaultBuild\RX621_Cmausu.lib
-input=DefaultBuild\dbsct.obj
-input=DefaultBuild\intprg.obj
-input=DefaultBuild\resetprg.obj
-input=DefaultBuild\sbrk.obj
-input=DefaultBuild\vecttbl.obj
-input=DefaultBuild\RX621_Cmausu.obj
-input=DefaultBuild\wait.obj
-input=DefaultBuild\rspi.obj
-input=DefaultBuild\Gyro.obj
-input=DefaultBuild\MPU9250.obj
-input=DefaultBuild\r_flash_api_rx.obj
-input=DefaultBuild\DataFlash.obj
-input=DefaultBuild\printf_lib.obj
-input=DefaultBuild\Encoder.obj
-input=DefaultBuild\Motor.obj
-input=DefaultBuild\Queue.obj
-input=DefaultBuild\IR.obj
-input=DefaultBuild\dijkstra.obj
-noprelink
-output=DefaultBuild\RX621_Cmausu.abs
-list=DefaultBuild\RX621_Cmausu.map
-nooptimize
-start=B_1,R_1,B_2,R_2,B,R,SU,SI/04,PResetPRG/0FFF80000,C_1,C_2,C,C$DSEC,C$BSEC,C$INIT,C$VTBL,C$VECT,D_1,D_2,D,P,PIntPRG,W_1,W_2,W,L/0FFF80100,FIXEDVECT/0FFFFFFD0
-rom=D=R,D_1=R_1,D_2=R_2
-nologo
-end

*** Error information ***

*** Mapping List ***

SECTION                            START      END         SIZE   ALIGN
B_1
                                  00000004  00000066        63   1
R_1
                                  00000067  00000fec       f86   1
B_2
                                  00000fee  0000b647      a65a   2
R_2
                                  0000b648  0000cc69      1622   2
B
                                  0000cc6c  0000ea2b      1dc0   4
R
                                  0000ea2c  0000ee37       40c   4
SU
                                  0000ee38  0000ef37       100   4
SI
                                  0000ef38  0000f237       300   4
PResetPRG
                                  fff80000  fff80030        31   1
C_1
                                  fff80100  fff8028b       18c   1
C_2
                                  fff8028c  fff8068f       404   2
C
                                  fff80690  fff807e7       158   4
C$DSEC
                                  fff807e8  fff8080b        24   4
C$BSEC
                                  fff8080c  fff80823        18   4
C$INIT
                                  fff80824  fff80824         0   1
C$VTBL
                                  fff80824  fff80824         0   1
C$VECT
                                  fff80824  fff80c23       400   4
D_1
                                  fff80c24  fff81ba9       f86   1
D_2
                                  fff81baa  fff831cb      1622   2
D
                                  fff831cc  fff835d7       40c   4
P
                                  fff835d8  fff975c7     13ff0   1
PIntPRG
                                  fff975c8  fff9770d       146   1
W_1
                                  fff9770e  fff9770e         0   1
W_2
                                  fff9770e  fff977c3        b6   2
W
                                  fff977c4  fff977c4         0   4
L
                                  fff977c4  fff97944       181   4
$ADDR_C_FFFFFFA0
                                  ffffffa0  ffffffaf        10   1
FIXEDVECT
                                  ffffffd0  ffffffff        30   4
