Renesas Optimizing Linker (W3.05.00 )             05-Sep-2026 15:34:52

*** Options ***

-subcommand=DefaultBuild\RX621_Cmausu.clnk
-library=DefaultBuild\RX621_Cmausu.lib
-input=DefaultBuild\dbsct.obj
-input=DefaultBuild\intprg.obj
-input=DefaultBuild\resetprg.obj
-input=DefaultBuild\sbrk.obj
-input=DefaultBuild\vecttbl.obj
-input=DefaultBuild\RX621_Cmausu.obj
-input=DefaultBuild\wait.obj
-input=DefaultBuild\rspi.obj
-input=DefaultBuild\Gyro.obj
-input=DefaultBuild\MPU9250.obj
-input=DefaultBuild\r_flash_api_rx.obj
-input=DefaultBuild\DataFlash.obj
-input=DefaultBuild\printf_lib.obj
-input=DefaultBuild\Encoder.obj
-input=DefaultBuild\Motor.obj
-input=DefaultBuild\Queue.obj
-input=DefaultBuild\IR.obj
-input=DefaultBuild\dijkstra.obj
-noprelink
-output=DefaultBuild\RX621_Cmausu.abs
-list=DefaultBuild\RX621_Cmausu.map
-nooptimize
-start=B_1,R_1,B_2,R_2,B,R,SU,SI/04,PResetPRG/0FFF80000,C_1,C_2,C,C$DSEC,C$BSEC,C$INIT,C$VTBL,C$VECT,D_1,D_2,D,P,PIntPRG,W_1,W_2,W,L/0FFF80100,FIXEDVECT/0FFFFFFD0
-rom=D=R,D_1=R_1,D_2=R_2
-nologo
-end

*** Error information ***

*** Mapping List ***

SECTION                            START      END         SIZE   ALIGN
B_1
                                  00000004  00000226       223   1
R_1
                                  00000227  000011ae       f88   1
B_2
                                  000011b0  0000b809      a65a   2
R_2
                                  0000b80a  0000ce2b      1622   2
B
                                  0000ce2c  0000ebeb      1dc0   4
R
                                  0000ebec  0000f05f       474   4
SU
                                  0000f060  0000f15f       100   4
SI
                                  0000f160  0000f45f       300   4
PResetPRG
                                  fff80000  fff80030        31   1
C_1
                                  fff80100  fff8028b       18c   1
C_2
                                  fff8028c  fff8068f       404   2
C
                                  fff80690  fff807e7       158   4
C$DSEC
                                  fff807e8  fff8080b        24   4
C$BSEC
                                  fff8080c  fff80823        18   4
C$INIT
                                  fff80824  fff80824         0   1
C$VTBL
                                  fff80824  fff80824         0   1
C$VECT
                                  fff80824  fff80c23       400   4
D_1
                                  fff80c24  fff81bab       f88   1
D_2
                                  fff81bac  fff831cd      1622   2
D
                                  fff831d0  fff83643       474   4
P
                                  fff83644  fff98713     150d0   1
PIntPRG
                                  fff98714  fff98859       146   1
W_1
                                  fff9885a  fff9885a         0   1
W_2
                                  fff9885a  fff988c1        68   2
W
                                  fff988c4  fff988c4         0   4
L
                                  fff988c4  fff98aec       229   4
$ADDR_C_FFFFFFA0
                                  ffffffa0  ffffffaf        10   1
FIXEDVECT
                                  ffffffd0  ffffffff        30   4
